Command line invocation:
    /Applications/Xcode.app/Contents/Developer/usr/bin/xcodebuild build -project chatme.xcodeproj -scheme chatme -destination "platform=iOS Simulator,id=A8EC71C5-40F4-4B59-9A68-F464CEDBE569" -configuration Debug

2026-01-14 14:26:28.772 xcodebuild[15337:77713]  DVTDeviceOperation: Encountered a build number "" that is incompatible with DVTBuildVersion.
2026-01-14 14:26:28.776 xcodebuild[15337:77450] [MT] DVTDeviceOperation: Encountered a build number "" that is incompatible with DVTBuildVersion.
2026-01-14 14:26:29.266 xcodebuild[15337:77450] [MT] IDERunDestination: Supported platforms for the buildables in the current scheme is empty.
ComputePackagePrebuildTargetDependencyGraph

Prepare packages

CreateBuildRequest

SendProjectDescription

CreateBuildOperation

ComputeTargetDependencyGraph
note: Building targets in dependency order
note: Target dependency graph (1 target)
    Target 'chatme' in project 'chatme' (no dependencies)

GatherProvisioningInputs

CreateBuildDescription

ExecuteExternalTool /Applications/Xcode.app/Contents/Developer/Toolchains/XcodeDefault.xctoolchain/usr/bin/clang -v -E -dM -isysroot /Applications/Xcode.app/Contents/Developer/Platforms/iPhoneSimulator.platform/Developer/SDKs/iPhoneSimulator26.2.sdk -x c -c /dev/null

ExecuteExternalTool /Applications/Xcode.app/Contents/Developer/usr/bin/momc --dry-run --action generate --swift-version 5.0 --sdkroot /Applications/Xcode.app/Contents/Developer/Platforms/iPhoneSimulator.platform/Developer/SDKs/iPhoneSimulator26.2.sdk --iphonesimulator-deployment-target 26.2 --module chatme /Users/wangchao/xcodeProjects/chatme/chatme/Models/DataModel.xcdatamodeld /Users/wangchao/Library/Developer/Xcode/DerivedData/chatme-agttppkiyvtewwceeacfhynpowxf/Build/Intermediates.noindex/chatme.build/Debug-iphonesimulator/chatme.build/DerivedSources/CoreDataGenerated/DataModel

ExecuteExternalTool /Applications/Xcode.app/Contents/Developer/usr/bin/actool --print-asset-tag-combinations --output-format xml1 /Users/wangchao/xcodeProjects/chatme/chatme/Assets.xcassets

ExecuteExternalTool /Applications/Xcode.app/Contents/Developer/usr/bin/actool --version --output-format xml1

ExecuteExternalTool /Applications/Xcode.app/Contents/Developer/Toolchains/XcodeDefault.xctoolchain/usr/bin/swiftc --version

ExecuteExternalTool /Applications/Xcode.app/Contents/Developer/Toolchains/XcodeDefault.xctoolchain/usr/bin/ld -version_details

Build description signature: dbd051f7b507fa3efd8048b17bd3e584
Build description path: /Users/wangchao/Library/Developer/Xcode/DerivedData/chatme-agttppkiyvtewwceeacfhynpowxf/Build/Intermediates.noindex/XCBuildData/dbd051f7b507fa3efd8048b17bd3e584.xcbuilddata
ClangStatCache /Applications/Xcode.app/Contents/Developer/Toolchains/XcodeDefault.xctoolchain/usr/bin/clang-stat-cache /Applications/Xcode.app/Contents/Developer/Platforms/iPhoneSimulator.platform/Developer/SDKs/iPhoneSimulator26.2.sdk /Users/wangchao/Library/Developer/Xcode/DerivedData/SDKStatCaches.noindex/iphonesimulator26.2-23C53-7d00a8b37fbd7999ea79df8ebc024bf0.sdkstatcache
    cd /Users/wangchao/xcodeProjects/chatme/chatme.xcodeproj
    /Applications/Xcode.app/Contents/Developer/Toolchains/XcodeDefault.xctoolchain/usr/bin/clang-stat-cache /Applications/Xcode.app/Contents/Developer/Platforms/iPhoneSimulator.platform/Developer/SDKs/iPhoneSimulator26.2.sdk -o /Users/wangchao/Library/Developer/Xcode/DerivedData/SDKStatCaches.noindex/iphonesimulator26.2-23C53-7d00a8b37fbd7999ea79df8ebc024bf0.sdkstatcache

WriteAuxiliaryFile /Users/wangchao/Library/Developer/Xcode/DerivedData/chatme-agttppkiyvtewwceeacfhynpowxf/Build/Intermediates.noindex/chatme.build/Debug-iphonesimulator/chatme.build/Objects-normal/arm64/chatme.SwiftFileList (in target 'chatme' from project 'chatme')
    cd /Users/wangchao/xcodeProjects/chatme
    write-file /Users/wangchao/Library/Developer/Xcode/DerivedData/chatme-agttppkiyvtewwceeacfhynpowxf/Build/Intermediates.noindex/chatme.build/Debug-iphonesimulator/chatme.build/Objects-normal/arm64/chatme.SwiftFileList

WriteAuxiliaryFile /Users/wangchao/Library/Developer/Xcode/DerivedData/chatme-agttppkiyvtewwceeacfhynpowxf/Build/Intermediates.noindex/chatme.build/Debug-iphonesimulator/chatme.build/Objects-normal/arm64/chatme.SwiftConstValuesFileList (in target 'chatme' from project 'chatme')
    cd /Users/wangchao/xcodeProjects/chatme
    write-file /Users/wangchao/Library/Developer/Xcode/DerivedData/chatme-agttppkiyvtewwceeacfhynpowxf/Build/Intermediates.noindex/chatme.build/Debug-iphonesimulator/chatme.build/Objects-normal/arm64/chatme.SwiftConstValuesFileList

ProcessProductPackaging "" /Users/wangchao/Library/Developer/Xcode/DerivedData/chatme-agttppkiyvtewwceeacfhynpowxf/Build/Intermediates.noindex/chatme.build/Debug-iphonesimulator/chatme.build/chatme.app-Simulated.xcent (in target 'chatme' from project 'chatme')
    cd /Users/wangchao/xcodeProjects/chatme
    
    Entitlements:
    
    {
    "application-identifier" = "FAKETEAMID.io.cathy.chatme";
}
    
    builtin-productPackagingUtility -entitlements -format xml -o /Users/wangchao/Library/Developer/Xcode/DerivedData/chatme-agttppkiyvtewwceeacfhynpowxf/Build/Intermediates.noindex/chatme.build/Debug-iphonesimulator/chatme.build/chatme.app-Simulated.xcent

WriteAuxiliaryFile /Users/wangchao/Library/Developer/Xcode/DerivedData/chatme-agttppkiyvtewwceeacfhynpowxf/Build/Intermediates.noindex/chatme.build/Debug-iphonesimulator/chatme.build/Objects-normal/arm64/chatme.LinkFileList (in target 'chatme' from project 'chatme')
    cd /Users/wangchao/xcodeProjects/chatme
    write-file /Users/wangchao/Library/Developer/Xcode/DerivedData/chatme-agttppkiyvtewwceeacfhynpowxf/Build/Intermediates.noindex/chatme.build/Debug-iphonesimulator/chatme.build/Objects-normal/arm64/chatme.LinkFileList

ProcessProductPackagingDER /Users/wangchao/Library/Developer/Xcode/DerivedData/chatme-agttppkiyvtewwceeacfhynpowxf/Build/Intermediates.noindex/chatme.build/Debug-iphonesimulator/chatme.build/chatme.app-Simulated.xcent /Users/wangchao/Library/Developer/Xcode/DerivedData/chatme-agttppkiyvtewwceeacfhynpowxf/Build/Intermediates.noindex/chatme.build/Debug-iphonesimulator/chatme.build/chatme.app-Simulated.xcent.der (in target 'chatme' from project 'chatme')
    cd /Users/wangchao/xcodeProjects/chatme
    /usr/bin/derq query -f xml -i /Users/wangchao/Library/Developer/Xcode/DerivedData/chatme-agttppkiyvtewwceeacfhynpowxf/Build/Intermediates.noindex/chatme.build/Debug-iphonesimulator/chatme.build/chatme.app-Simulated.xcent -o /Users/wangchao/Library/Developer/Xcode/DerivedData/chatme-agttppkiyvtewwceeacfhynpowxf/Build/Intermediates.noindex/chatme.build/Debug-iphonesimulator/chatme.build/chatme.app-Simulated.xcent.der --raw

SwiftDriver chatme normal arm64 com.apple.xcode.tools.swift.compiler (in target 'chatme' from project 'chatme')
    cd /Users/wangchao/xcodeProjects/chatme
    builtin-SwiftDriver -- /Applications/Xcode.app/Contents/Developer/Toolchains/XcodeDefault.xctoolchain/usr/bin/swiftc -module-name chatme -Onone -enforce-exclusivity\=checked @/Users/wangchao/Library/Developer/Xcode/DerivedData/chatme-agttppkiyvtewwceeacfhynpowxf/Build/Intermediates.noindex/chatme.build/Debug-iphonesimulator/chatme.build/Objects-normal/arm64/chatme.SwiftFileList -DDEBUG -default-isolation\=MainActor -enable-bare-slash-regex -enable-upcoming-feature DisableOutwardActorInference -enable-upcoming-feature InferSendableFromCaptures -enable-upcoming-feature GlobalActorIsolatedTypesUsability -enable-upcoming-feature MemberImportVisibility -enable-upcoming-feature InferIsolatedConformances -enable-upcoming-feature NonisolatedNonsendingByDefault -enable-experimental-feature DebugDescriptionMacro -sdk /Applications/Xcode.app/Contents/Developer/Platforms/iPhoneSimulator.platform/Developer/SDKs/iPhoneSimulator26.2.sdk -target arm64-apple-ios26.2-simulator -g -module-cache-path /Users/wangchao/Library/Developer/Xcode/DerivedData/ModuleCache.noindex -Xfrontend -serialize-debugging-options -enable-testing -index-store-path /Users/wangchao/Library/Developer/Xcode/DerivedData/chatme-agttppkiyvtewwceeacfhynpowxf/Index.noindex/DataStore -Xcc -D_LIBCPP_HARDENING_MODE\=_LIBCPP_HARDENING_MODE_DEBUG -swift-version 5 -I /Users/wangchao/Library/Developer/Xcode/DerivedData/chatme-agttppkiyvtewwceeacfhynpowxf/Build/Products/Debug-iphonesimulator -F /Users/wangchao/Library/Developer/Xcode/DerivedData/chatme-agttppkiyvtewwceeacfhynpowxf/Build/Products/Debug-iphonesimulator -emit-localized-strings -emit-localized-strings-path /Users/wangchao/Library/Developer/Xcode/DerivedData/chatme-agttppkiyvtewwceeacfhynpowxf/Build/Intermediates.noindex/chatme.build/Debug-iphonesimulator/chatme.build/Objects-normal/arm64 -c -j12 -enable-batch-mode -incremental -Xcc -ivfsstatcache -Xcc /Users/wangchao/Library/Developer/Xcode/DerivedData/SDKStatCaches.noindex/iphonesimulator26.2-23C53-7d00a8b37fbd7999ea79df8ebc024bf0.sdkstatcache -output-file-map /Users/wangchao/Library/Developer/Xcode/DerivedData/chatme-agttppkiyvtewwceeacfhynpowxf/Build/Intermediates.noindex/chatme.build/Debug-iphonesimulator/chatme.build/Objects-normal/arm64/chatme-OutputFileMap.json -use-frontend-parseable-output -save-temps -no-color-diagnostics -explicit-module-build -module-cache-path /Users/wangchao/Library/Developer/Xcode/DerivedData/chatme-agttppkiyvtewwceeacfhynpowxf/Build/Intermediates.noindex/SwiftExplicitPrecompiledModules -clang-scanner-module-cache-path /Users/wangchao/Library/Developer/Xcode/DerivedData/ModuleCache.noindex -sdk-module-cache-path /Users/wangchao/Library/Developer/Xcode/DerivedData/ModuleCache.noindex -serialize-diagnostics -emit-dependencies -emit-module -emit-module-path /Users/wangchao/Library/Developer/Xcode/DerivedData/chatme-agttppkiyvtewwceeacfhynpowxf/Build/Intermediates.noindex/chatme.build/Debug-iphonesimulator/chatme.build/Objects-normal/arm64/chatme.swiftmodule -validate-clang-modules-once -clang-build-session-file /Users/wangchao/Library/Developer/Xcode/DerivedData/ModuleCache.noindex/Session.modulevalidation -Xcc -I/Users/wangchao/Library/Developer/Xcode/DerivedData/chatme-agttppkiyvtewwceeacfhynpowxf/Build/Intermediates.noindex/chatme.build/Debug-iphonesimulator/chatme.build/swift-overrides.hmap -emit-const-values -Xfrontend -const-gather-protocols-file -Xfrontend /Users/wangchao/Library/Developer/Xcode/DerivedData/chatme-agttppkiyvtewwceeacfhynpowxf/Build/Intermediates.noindex/chatme.build/Debug-iphonesimulator/chatme.build/Objects-normal/arm64/chatme_const_extract_protocols.json -Xcc -iquote -Xcc /Users/wangchao/Library/Developer/Xcode/DerivedData/chatme-agttppkiyvtewwceeacfhynpowxf/Build/Intermediates.noindex/chatme.build/Debug-iphonesimulator/chatme.build/chatme-generated-files.hmap -Xcc -I/Users/wangchao/Library/Developer/Xcode/DerivedData/chatme-agttppkiyvtewwceeacfhynpowxf/Build/Intermediates.noindex/chatme.build/Debug-iphonesimulator/chatme.build/chatme-own-target-headers.hmap -Xcc -I/Users/wangchao/Library/Developer/Xcode/DerivedData/chatme-agttppkiyvtewwceeacfhynpowxf/Build/Intermediates.noindex/chatme.build/Debug-iphonesimulator/chatme.build/chatme-all-target-headers.hmap -Xcc -iquote -Xcc /Users/wangchao/Library/Developer/Xcode/DerivedData/chatme-agttppkiyvtewwceeacfhynpowxf/Build/Intermediates.noindex/chatme.build/Debug-iphonesimulator/chatme.build/chatme-project-headers.hmap -Xcc -I/Users/wangchao/Library/Developer/Xcode/DerivedData/chatme-agttppkiyvtewwceeacfhynpowxf/Build/Products/Debug-iphonesimulator/include -Xcc -I/Users/wangchao/Library/Developer/Xcode/DerivedData/chatme-agttppkiyvtewwceeacfhynpowxf/Build/Intermediates.noindex/chatme.build/Debug-iphonesimulator/chatme.build/DerivedSources-normal/arm64 -Xcc -I/Users/wangchao/Library/Developer/Xcode/DerivedData/chatme-agttppkiyvtewwceeacfhynpowxf/Build/Intermediates.noindex/chatme.build/Debug-iphonesimulator/chatme.build/DerivedSources/arm64 -Xcc -I/Users/wangchao/Library/Developer/Xcode/DerivedData/chatme-agttppkiyvtewwceeacfhynpowxf/Build/Intermediates.noindex/chatme.build/Debug-iphonesimulator/chatme.build/DerivedSources -Xcc -DDEBUG\=1 -emit-objc-header -emit-objc-header-path /Users/wangchao/Library/Developer/Xcode/DerivedData/chatme-agttppkiyvtewwceeacfhynpowxf/Build/Intermediates.noindex/chatme.build/Debug-iphonesimulator/chatme.build/Objects-normal/arm64/chatme-Swift.h -working-directory /Users/wangchao/xcodeProjects/chatme -experimental-emit-module-separately -disable-cmo

ProcessInfoPlistFile /Users/wangchao/Library/Developer/Xcode/DerivedData/chatme-agttppkiyvtewwceeacfhynpowxf/Build/Products/Debug-iphonesimulator/chatme.app/Info.plist /Users/wangchao/xcodeProjects/chatme/Info.plist (in target 'chatme' from project 'chatme')
    cd /Users/wangchao/xcodeProjects/chatme
    builtin-infoPlistUtility /Users/wangchao/xcodeProjects/chatme/Info.plist -producttype com.apple.product-type.application -genpkginfo /Users/wangchao/Library/Developer/Xcode/DerivedData/chatme-agttppkiyvtewwceeacfhynpowxf/Build/Products/Debug-iphonesimulator/chatme.app/PkgInfo -expandbuildsettings -format binary -platform iphonesimulator -additionalcontentfile /Users/wangchao/Library/Developer/Xcode/DerivedData/chatme-agttppkiyvtewwceeacfhynpowxf/Build/Intermediates.noindex/chatme.build/Debug-iphonesimulator/chatme.build/assetcatalog_generated_info.plist -o /Users/wangchao/Library/Developer/Xcode/DerivedData/chatme-agttppkiyvtewwceeacfhynpowxf/Build/Products/Debug-iphonesimulator/chatme.app/Info.plist

SwiftEmitModule normal arm64 Emitting\ module\ for\ chatme (in target 'chatme' from project 'chatme')

EmitSwiftModule normal arm64 (in target 'chatme' from project 'chatme')
    cd /Users/wangchao/xcodeProjects/chatme
    

SwiftDriver\ Compilation chatme normal arm64 com.apple.xcode.tools.swift.compiler (in target 'chatme' from project 'chatme')
    cd /Users/wangchao/xcodeProjects/chatme
    builtin-Swift-Compilation -- /Applications/Xcode.app/Contents/Developer/Toolchains/XcodeDefault.xctoolchain/usr/bin/swiftc -module-name chatme -Onone -enforce-exclusivity\=checked @/Users/wangchao/Library/Developer/Xcode/DerivedData/chatme-agttppkiyvtewwceeacfhynpowxf/Build/Intermediates.noindex/chatme.build/Debug-iphonesimulator/chatme.build/Objects-normal/arm64/chatme.SwiftFileList -DDEBUG -default-isolation\=MainActor -enable-bare-slash-regex -enable-upcoming-feature DisableOutwardActorInference -enable-upcoming-feature InferSendableFromCaptures -enable-upcoming-feature GlobalActorIsolatedTypesUsability -enable-upcoming-feature MemberImportVisibility -enable-upcoming-feature InferIsolatedConformances -enable-upcoming-feature NonisolatedNonsendingByDefault -enable-experimental-feature DebugDescriptionMacro -sdk /Applications/Xcode.app/Contents/Developer/Platforms/iPhoneSimulator.platform/Developer/SDKs/iPhoneSimulator26.2.sdk -target arm64-apple-ios26.2-simulator -g -module-cache-path /Users/wangchao/Library/Developer/Xcode/DerivedData/ModuleCache.noindex -Xfrontend -serialize-debugging-options -enable-testing -index-store-path /Users/wangchao/Library/Developer/Xcode/DerivedData/chatme-agttppkiyvtewwceeacfhynpowxf/Index.noindex/DataStore -Xcc -D_LIBCPP_HARDENING_MODE\=_LIBCPP_HARDENING_MODE_DEBUG -swift-version 5 -I /Users/wangchao/Library/Developer/Xcode/DerivedData/chatme-agttppkiyvtewwceeacfhynpowxf/Build/Products/Debug-iphonesimulator -F /Users/wangchao/Library/Developer/Xcode/DerivedData/chatme-agttppkiyvtewwceeacfhynpowxf/Build/Products/Debug-iphonesimulator -emit-localized-strings -emit-localized-strings-path /Users/wangchao/Library/Developer/Xcode/DerivedData/chatme-agttppkiyvtewwceeacfhynpowxf/Build/Intermediates.noindex/chatme.build/Debug-iphonesimulator/chatme.build/Objects-normal/arm64 -c -j12 -enable-batch-mode -incremental -Xcc -ivfsstatcache -Xcc /Users/wangchao/Library/Developer/Xcode/DerivedData/SDKStatCaches.noindex/iphonesimulator26.2-23C53-7d00a8b37fbd7999ea79df8ebc024bf0.sdkstatcache -output-file-map /Users/wangchao/Library/Developer/Xcode/DerivedData/chatme-agttppkiyvtewwceeacfhynpowxf/Build/Intermediates.noindex/chatme.build/Debug-iphonesimulator/chatme.build/Objects-normal/arm64/chatme-OutputFileMap.json -use-frontend-parseable-output -save-temps -no-color-diagnostics -explicit-module-build -module-cache-path /Users/wangchao/Library/Developer/Xcode/DerivedData/chatme-agttppkiyvtewwceeacfhynpowxf/Build/Intermediates.noindex/SwiftExplicitPrecompiledModules -clang-scanner-module-cache-path /Users/wangchao/Library/Developer/Xcode/DerivedData/ModuleCache.noindex -sdk-module-cache-path /Users/wangchao/Library/Developer/Xcode/DerivedData/ModuleCache.noindex -serialize-diagnostics -emit-dependencies -emit-module -emit-module-path /Users/wangchao/Library/Developer/Xcode/DerivedData/chatme-agttppkiyvtewwceeacfhynpowxf/Build/Intermediates.noindex/chatme.build/Debug-iphonesimulator/chatme.build/Objects-normal/arm64/chatme.swiftmodule -validate-clang-modules-once -clang-build-session-file /Users/wangchao/Library/Developer/Xcode/DerivedData/ModuleCache.noindex/Session.modulevalidation -Xcc -I/Users/wangchao/Library/Developer/Xcode/DerivedData/chatme-agttppkiyvtewwceeacfhynpowxf/Build/Intermediates.noindex/chatme.build/Debug-iphonesimulator/chatme.build/swift-overrides.hmap -emit-const-values -Xfrontend -const-gather-protocols-file -Xfrontend /Users/wangchao/Library/Developer/Xcode/DerivedData/chatme-agttppkiyvtewwceeacfhynpowxf/Build/Intermediates.noindex/chatme.build/Debug-iphonesimulator/chatme.build/Objects-normal/arm64/chatme_const_extract_protocols.json -Xcc -iquote -Xcc /Users/wangchao/Library/Developer/Xcode/DerivedData/chatme-agttppkiyvtewwceeacfhynpowxf/Build/Intermediates.noindex/chatme.build/Debug-iphonesimulator/chatme.build/chatme-generated-files.hmap -Xcc -I/Users/wangchao/Library/Developer/Xcode/DerivedData/chatme-agttppkiyvtewwceeacfhynpowxf/Build/Intermediates.noindex/chatme.build/Debug-iphonesimulator/chatme.build/chatme-own-target-headers.hmap -Xcc -I/Users/wangchao/Library/Developer/Xcode/DerivedData/chatme-agttppkiyvtewwceeacfhynpowxf/Build/Intermediates.noindex/chatme.build/Debug-iphonesimulator/chatme.build/chatme-all-target-headers.hmap -Xcc -iquote -Xcc /Users/wangchao/Library/Developer/Xcode/DerivedData/chatme-agttppkiyvtewwceeacfhynpowxf/Build/Intermediates.noindex/chatme.build/Debug-iphonesimulator/chatme.build/chatme-project-headers.hmap -Xcc -I/Users/wangchao/Library/Developer/Xcode/DerivedData/chatme-agttppkiyvtewwceeacfhynpowxf/Build/Products/Debug-iphonesimulator/include -Xcc -I/Users/wangchao/Library/Developer/Xcode/DerivedData/chatme-agttppkiyvtewwceeacfhynpowxf/Build/Intermediates.noindex/chatme.build/Debug-iphonesimulator/chatme.build/DerivedSources-normal/arm64 -Xcc -I/Users/wangchao/Library/Developer/Xcode/DerivedData/chatme-agttppkiyvtewwceeacfhynpowxf/Build/Intermediates.noindex/chatme.build/Debug-iphonesimulator/chatme.build/DerivedSources/arm64 -Xcc -I/Users/wangchao/Library/Developer/Xcode/DerivedData/chatme-agttppkiyvtewwceeacfhynpowxf/Build/Intermediates.noindex/chatme.build/Debug-iphonesimulator/chatme.build/DerivedSources -Xcc -DDEBUG\=1 -emit-objc-header -emit-objc-header-path /Users/wangchao/Library/Developer/Xcode/DerivedData/chatme-agttppkiyvtewwceeacfhynpowxf/Build/Intermediates.noindex/chatme.build/Debug-iphonesimulator/chatme.build/Objects-normal/arm64/chatme-Swift.h -working-directory /Users/wangchao/xcodeProjects/chatme -experimental-emit-module-separately -disable-cmo

SwiftDriverJobDiscovery normal arm64 Emitting module for chatme (in target 'chatme' from project 'chatme')

SwiftDriver\ Compilation\ Requirements chatme normal arm64 com.apple.xcode.tools.swift.compiler (in target 'chatme' from project 'chatme')
    cd /Users/wangchao/xcodeProjects/chatme
    builtin-Swift-Compilation-Requirements -- /Applications/Xcode.app/Contents/Developer/Toolchains/XcodeDefault.xctoolchain/usr/bin/swiftc -module-name chatme -Onone -enforce-exclusivity\=checked @/Users/wangchao/Library/Developer/Xcode/DerivedData/chatme-agttppkiyvtewwceeacfhynpowxf/Build/Intermediates.noindex/chatme.build/Debug-iphonesimulator/chatme.build/Objects-normal/arm64/chatme.SwiftFileList -DDEBUG -default-isolation\=MainActor -enable-bare-slash-regex -enable-upcoming-feature DisableOutwardActorInference -enable-upcoming-feature InferSendableFromCaptures -enable-upcoming-feature GlobalActorIsolatedTypesUsability -enable-upcoming-feature MemberImportVisibility -enable-upcoming-feature InferIsolatedConformances -enable-upcoming-feature NonisolatedNonsendingByDefault -enable-experimental-feature DebugDescriptionMacro -sdk /Applications/Xcode.app/Contents/Developer/Platforms/iPhoneSimulator.platform/Developer/SDKs/iPhoneSimulator26.2.sdk -target arm64-apple-ios26.2-simulator -g -module-cache-path /Users/wangchao/Library/Developer/Xcode/DerivedData/ModuleCache.noindex -Xfrontend -serialize-debugging-options -enable-testing -index-store-path /Users/wangchao/Library/Developer/Xcode/DerivedData/chatme-agttppkiyvtewwceeacfhynpowxf/Index.noindex/DataStore -Xcc -D_LIBCPP_HARDENING_MODE\=_LIBCPP_HARDENING_MODE_DEBUG -swift-version 5 -I /Users/wangchao/Library/Developer/Xcode/DerivedData/chatme-agttppkiyvtewwceeacfhynpowxf/Build/Products/Debug-iphonesimulator -F /Users/wangchao/Library/Developer/Xcode/DerivedData/chatme-agttppkiyvtewwceeacfhynpowxf/Build/Products/Debug-iphonesimulator -emit-localized-strings -emit-localized-strings-path /Users/wangchao/Library/Developer/Xcode/DerivedData/chatme-agttppkiyvtewwceeacfhynpowxf/Build/Intermediates.noindex/chatme.build/Debug-iphonesimulator/chatme.build/Objects-normal/arm64 -c -j12 -enable-batch-mode -incremental -Xcc -ivfsstatcache -Xcc /Users/wangchao/Library/Developer/Xcode/DerivedData/SDKStatCaches.noindex/iphonesimulator26.2-23C53-7d00a8b37fbd7999ea79df8ebc024bf0.sdkstatcache -output-file-map /Users/wangchao/Library/Developer/Xcode/DerivedData/chatme-agttppkiyvtewwceeacfhynpowxf/Build/Intermediates.noindex/chatme.build/Debug-iphonesimulator/chatme.build/Objects-normal/arm64/chatme-OutputFileMap.json -use-frontend-parseable-output -save-temps -no-color-diagnostics -explicit-module-build -module-cache-path /Users/wangchao/Library/Developer/Xcode/DerivedData/chatme-agttppkiyvtewwceeacfhynpowxf/Build/Intermediates.noindex/SwiftExplicitPrecompiledModules -clang-scanner-module-cache-path /Users/wangchao/Library/Developer/Xcode/DerivedData/ModuleCache.noindex -sdk-module-cache-path /Users/wangchao/Library/Developer/Xcode/DerivedData/ModuleCache.noindex -serialize-diagnostics -emit-dependencies -emit-module -emit-module-path /Users/wangchao/Library/Developer/Xcode/DerivedData/chatme-agttppkiyvtewwceeacfhynpowxf/Build/Intermediates.noindex/chatme.build/Debug-iphonesimulator/chatme.build/Objects-normal/arm64/chatme.swiftmodule -validate-clang-modules-once -clang-build-session-file /Users/wangchao/Library/Developer/Xcode/DerivedData/ModuleCache.noindex/Session.modulevalidation -Xcc -I/Users/wangchao/Library/Developer/Xcode/DerivedData/chatme-agttppkiyvtewwceeacfhynpowxf/Build/Intermediates.noindex/chatme.build/Debug-iphonesimulator/chatme.build/swift-overrides.hmap -emit-const-values -Xfrontend -const-gather-protocols-file -Xfrontend /Users/wangchao/Library/Developer/Xcode/DerivedData/chatme-agttppkiyvtewwceeacfhynpowxf/Build/Intermediates.noindex/chatme.build/Debug-iphonesimulator/chatme.build/Objects-normal/arm64/chatme_const_extract_protocols.json -Xcc -iquote -Xcc /Users/wangchao/Library/Developer/Xcode/DerivedData/chatme-agttppkiyvtewwceeacfhynpowxf/Build/Intermediates.noindex/chatme.build/Debug-iphonesimulator/chatme.build/chatme-generated-files.hmap -Xcc -I/Users/wangchao/Library/Developer/Xcode/DerivedData/chatme-agttppkiyvtewwceeacfhynpowxf/Build/Intermediates.noindex/chatme.build/Debug-iphonesimulator/chatme.build/chatme-own-target-headers.hmap -Xcc -I/Users/wangchao/Library/Developer/Xcode/DerivedData/chatme-agttppkiyvtewwceeacfhynpowxf/Build/Intermediates.noindex/chatme.build/Debug-iphonesimulator/chatme.build/chatme-all-target-headers.hmap -Xcc -iquote -Xcc /Users/wangchao/Library/Developer/Xcode/DerivedData/chatme-agttppkiyvtewwceeacfhynpowxf/Build/Intermediates.noindex/chatme.build/Debug-iphonesimulator/chatme.build/chatme-project-headers.hmap -Xcc -I/Users/wangchao/Library/Developer/Xcode/DerivedData/chatme-agttppkiyvtewwceeacfhynpowxf/Build/Products/Debug-iphonesimulator/include -Xcc -I/Users/wangchao/Library/Developer/Xcode/DerivedData/chatme-agttppkiyvtewwceeacfhynpowxf/Build/Intermediates.noindex/chatme.build/Debug-iphonesimulator/chatme.build/DerivedSources-normal/arm64 -Xcc -I/Users/wangchao/Library/Developer/Xcode/DerivedData/chatme-agttppkiyvtewwceeacfhynpowxf/Build/Intermediates.noindex/chatme.build/Debug-iphonesimulator/chatme.build/DerivedSources/arm64 -Xcc -I/Users/wangchao/Library/Developer/Xcode/DerivedData/chatme-agttppkiyvtewwceeacfhynpowxf/Build/Intermediates.noindex/chatme.build/Debug-iphonesimulator/chatme.build/DerivedSources -Xcc -DDEBUG\=1 -emit-objc-header -emit-objc-header-path /Users/wangchao/Library/Developer/Xcode/DerivedData/chatme-agttppkiyvtewwceeacfhynpowxf/Build/Intermediates.noindex/chatme.build/Debug-iphonesimulator/chatme.build/Objects-normal/arm64/chatme-Swift.h -working-directory /Users/wangchao/xcodeProjects/chatme -experimental-emit-module-separately -disable-cmo

Ld /Users/wangchao/Library/Developer/Xcode/DerivedData/chatme-agttppkiyvtewwceeacfhynpowxf/Build/Products/Debug-iphonesimulator/chatme.app/chatme.debug.dylib normal (in target 'chatme' from project 'chatme')
    cd /Users/wangchao/xcodeProjects/chatme
    /Applications/Xcode.app/Contents/Developer/Toolchains/XcodeDefault.xctoolchain/usr/bin/clang -Xlinker -reproducible -target arm64-apple-ios26.2-simulator -dynamiclib -isysroot /Applications/Xcode.app/Contents/Developer/Platforms/iPhoneSimulator.platform/Developer/SDKs/iPhoneSimulator26.2.sdk -O0 -L/Users/wangchao/Library/Developer/Xcode/DerivedData/chatme-agttppkiyvtewwceeacfhynpowxf/Build/Intermediates.noindex/EagerLinkingTBDs/Debug-iphonesimulator -L/Users/wangchao/Library/Developer/Xcode/DerivedData/chatme-agttppkiyvtewwceeacfhynpowxf/Build/Products/Debug-iphonesimulator -F/Users/wangchao/Library/Developer/Xcode/DerivedData/chatme-agttppkiyvtewwceeacfhynpowxf/Build/Intermediates.noindex/EagerLinkingTBDs/Debug-iphonesimulator -F/Users/wangchao/Library/Developer/Xcode/DerivedData/chatme-agttppkiyvtewwceeacfhynpowxf/Build/Products/Debug-iphonesimulator -filelist /Users/wangchao/Library/Developer/Xcode/DerivedData/chatme-agttppkiyvtewwceeacfhynpowxf/Build/Intermediates.noindex/chatme.build/Debug-iphonesimulator/chatme.build/Objects-normal/arm64/chatme.LinkFileList -install_name @rpath/chatme.debug.dylib -Xlinker -rpath -Xlinker @executable_path/Frameworks -dead_strip -Xlinker -object_path_lto -Xlinker /Users/wangchao/Library/Developer/Xcode/DerivedData/chatme-agttppkiyvtewwceeacfhynpowxf/Build/Intermediates.noindex/chatme.build/Debug-iphonesimulator/chatme.build/Objects-normal/arm64/chatme_lto.o -rdynamic -Xlinker -no_deduplicate -Xlinker -objc_abi_version -Xlinker 2 -Xlinker -dependency_info -Xlinker /Users/wangchao/Library/Developer/Xcode/DerivedData/chatme-agttppkiyvtewwceeacfhynpowxf/Build/Intermediates.noindex/chatme.build/Debug-iphonesimulator/chatme.build/Objects-normal/arm64/chatme_dependency_info.dat -fobjc-link-runtime -L/Applications/Xcode.app/Contents/Developer/Toolchains/XcodeDefault.xctoolchain/usr/lib/swift/iphonesimulator -L/usr/lib/swift -Xlinker -add_ast_path -Xlinker /Users/wangchao/Library/Developer/Xcode/DerivedData/chatme-agttppkiyvtewwceeacfhynpowxf/Build/Intermediates.noindex/chatme.build/Debug-iphonesimulator/chatme.build/Objects-normal/arm64/chatme.swiftmodule @/Users/wangchao/Library/Developer/Xcode/DerivedData/chatme-agttppkiyvtewwceeacfhynpowxf/Build/Intermediates.noindex/chatme.build/Debug-iphonesimulator/chatme.build/Objects-normal/arm64/chatme-linker-args.resp -Xlinker -alias -Xlinker _main -Xlinker ___debug_main_executable_dylib_entry_point -Xlinker -no_adhoc_codesign -o /Users/wangchao/Library/Developer/Xcode/DerivedData/chatme-agttppkiyvtewwceeacfhynpowxf/Build/Products/Debug-iphonesimulator/chatme.app/chatme.debug.dylib

Copy /Users/wangchao/Library/Developer/Xcode/DerivedData/chatme-agttppkiyvtewwceeacfhynpowxf/Build/Products/Debug-iphonesimulator/chatme.swiftmodule/arm64-apple-ios-simulator.swiftmodule /Users/wangchao/Library/Developer/Xcode/DerivedData/chatme-agttppkiyvtewwceeacfhynpowxf/Build/Intermediates.noindex/chatme.build/Debug-iphonesimulator/chatme.build/Objects-normal/arm64/chatme.swiftmodule (in target 'chatme' from project 'chatme')
    cd /Users/wangchao/xcodeProjects/chatme
    builtin-copy -exclude .DS_Store -exclude CVS -exclude .svn -exclude .git -exclude .hg -resolve-src-symlinks -rename /Users/wangchao/Library/Developer/Xcode/DerivedData/chatme-agttppkiyvtewwceeacfhynpowxf/Build/Intermediates.noindex/chatme.build/Debug-iphonesimulator/chatme.build/Objects-normal/arm64/chatme.swiftmodule /Users/wangchao/Library/Developer/Xcode/DerivedData/chatme-agttppkiyvtewwceeacfhynpowxf/Build/Products/Debug-iphonesimulator/chatme.swiftmodule/arm64-apple-ios-simulator.swiftmodule

Copy /Users/wangchao/Library/Developer/Xcode/DerivedData/chatme-agttppkiyvtewwceeacfhynpowxf/Build/Products/Debug-iphonesimulator/chatme.swiftmodule/arm64-apple-ios-simulator.abi.json /Users/wangchao/Library/Developer/Xcode/DerivedData/chatme-agttppkiyvtewwceeacfhynpowxf/Build/Intermediates.noindex/chatme.build/Debug-iphonesimulator/chatme.build/Objects-normal/arm64/chatme.abi.json (in target 'chatme' from project 'chatme')
    cd /Users/wangchao/xcodeProjects/chatme
    builtin-copy -exclude .DS_Store -exclude CVS -exclude .svn -exclude .git -exclude .hg -resolve-src-symlinks -rename /Users/wangchao/Library/Developer/Xcode/DerivedData/chatme-agttppkiyvtewwceeacfhynpowxf/Build/Intermediates.noindex/chatme.build/Debug-iphonesimulator/chatme.build/Objects-normal/arm64/chatme.abi.json /Users/wangchao/Library/Developer/Xcode/DerivedData/chatme-agttppkiyvtewwceeacfhynpowxf/Build/Products/Debug-iphonesimulator/chatme.swiftmodule/arm64-apple-ios-simulator.abi.json

Copy /Users/wangchao/Library/Developer/Xcode/DerivedData/chatme-agttppkiyvtewwceeacfhynpowxf/Build/Products/Debug-iphonesimulator/chatme.swiftmodule/Project/arm64-apple-ios-simulator.swiftsourceinfo /Users/wangchao/Library/Developer/Xcode/DerivedData/chatme-agttppkiyvtewwceeacfhynpowxf/Build/Intermediates.noindex/chatme.build/Debug-iphonesimulator/chatme.build/Objects-normal/arm64/chatme.swiftsourceinfo (in target 'chatme' from project 'chatme')
    cd /Users/wangchao/xcodeProjects/chatme
    builtin-copy -exclude .DS_Store -exclude CVS -exclude .svn -exclude .git -exclude .hg -resolve-src-symlinks -rename /Users/wangchao/Library/Developer/Xcode/DerivedData/chatme-agttppkiyvtewwceeacfhynpowxf/Build/Intermediates.noindex/chatme.build/Debug-iphonesimulator/chatme.build/Objects-normal/arm64/chatme.swiftsourceinfo /Users/wangchao/Library/Developer/Xcode/DerivedData/chatme-agttppkiyvtewwceeacfhynpowxf/Build/Products/Debug-iphonesimulator/chatme.swiftmodule/Project/arm64-apple-ios-simulator.swiftsourceinfo

ConstructStubExecutorLinkFileList /Users/wangchao/Library/Developer/Xcode/DerivedData/chatme-agttppkiyvtewwceeacfhynpowxf/Build/Intermediates.noindex/chatme.build/Debug-iphonesimulator/chatme.build/chatme-ExecutorLinkFileList-normal-arm64.txt (in target 'chatme' from project 'chatme')
    cd /Users/wangchao/xcodeProjects/chatme
    construct-stub-executor-link-file-list /Users/wangchao/Library/Developer/Xcode/DerivedData/chatme-agttppkiyvtewwceeacfhynpowxf/Build/Products/Debug-iphonesimulator/chatme.app/chatme.debug.dylib /Applications/Xcode.app/Contents/Developer/Platforms/iPhoneSimulator.platform/Developer/usr/lib/libPreviewsJITStubExecutor_no_swift_entry_point.a /Applications/Xcode.app/Contents/Developer/Platforms/iPhoneSimulator.platform/Developer/usr/lib/libPreviewsJITStubExecutor.a --output /Users/wangchao/Library/Developer/Xcode/DerivedData/chatme-agttppkiyvtewwceeacfhynpowxf/Build/Intermediates.noindex/chatme.build/Debug-iphonesimulator/chatme.build/chatme-ExecutorLinkFileList-normal-arm64.txt
note: Using stub executor library with Swift entry point. (in target 'chatme' from project 'chatme')

Ld /Users/wangchao/Library/Developer/Xcode/DerivedData/chatme-agttppkiyvtewwceeacfhynpowxf/Build/Products/Debug-iphonesimulator/chatme.app/chatme normal (in target 'chatme' from project 'chatme')
    cd /Users/wangchao/xcodeProjects/chatme
    /Applications/Xcode.app/Contents/Developer/Toolchains/XcodeDefault.xctoolchain/usr/bin/clang -Xlinker -reproducible -target arm64-apple-ios26.2-simulator -isysroot /Applications/Xcode.app/Contents/Developer/Platforms/iPhoneSimulator.platform/Developer/SDKs/iPhoneSimulator26.2.sdk -O0 -L/Users/wangchao/Library/Developer/Xcode/DerivedData/chatme-agttppkiyvtewwceeacfhynpowxf/Build/Products/Debug-iphonesimulator -F/Users/wangchao/Library/Developer/Xcode/DerivedData/chatme-agttppkiyvtewwceeacfhynpowxf/Build/Products/Debug-iphonesimulator -Xlinker -rpath -Xlinker @executable_path -Xlinker -rpath -Xlinker @executable_path/Frameworks -rdynamic -Xlinker -no_deduplicate -Xlinker -objc_abi_version -Xlinker 2 -e ___debug_blank_executor_main -Xlinker -sectcreate -Xlinker __TEXT -Xlinker __debug_dylib -Xlinker /Users/wangchao/Library/Developer/Xcode/DerivedData/chatme-agttppkiyvtewwceeacfhynpowxf/Build/Intermediates.noindex/chatme.build/Debug-iphonesimulator/chatme.build/chatme-DebugDylibPath-normal-arm64.txt -Xlinker -sectcreate -Xlinker __TEXT -Xlinker __debug_instlnm -Xlinker /Users/wangchao/Library/Developer/Xcode/DerivedData/chatme-agttppkiyvtewwceeacfhynpowxf/Build/Intermediates.noindex/chatme.build/Debug-iphonesimulator/chatme.build/chatme-DebugDylibInstallName-normal-arm64.txt -Xlinker -filelist -Xlinker /Users/wangchao/Library/Developer/Xcode/DerivedData/chatme-agttppkiyvtewwceeacfhynpowxf/Build/Intermediates.noindex/chatme.build/Debug-iphonesimulator/chatme.build/chatme-ExecutorLinkFileList-normal-arm64.txt -Xlinker -sectcreate -Xlinker __TEXT -Xlinker __entitlements -Xlinker /Users/wangchao/Library/Developer/Xcode/DerivedData/chatme-agttppkiyvtewwceeacfhynpowxf/Build/Intermediates.noindex/chatme.build/Debug-iphonesimulator/chatme.build/chatme.app-Simulated.xcent -Xlinker -sectcreate -Xlinker __TEXT -Xlinker __ents_der -Xlinker /Users/wangchao/Library/Developer/Xcode/DerivedData/chatme-agttppkiyvtewwceeacfhynpowxf/Build/Intermediates.noindex/chatme.build/Debug-iphonesimulator/chatme.build/chatme.app-Simulated.xcent.der /Users/wangchao/Library/Developer/Xcode/DerivedData/chatme-agttppkiyvtewwceeacfhynpowxf/Build/Products/Debug-iphonesimulator/chatme.app/chatme.debug.dylib -Xlinker -no_adhoc_codesign -o /Users/wangchao/Library/Developer/Xcode/DerivedData/chatme-agttppkiyvtewwceeacfhynpowxf/Build/Products/Debug-iphonesimulator/chatme.app/chatme

CopySwiftLibs /Users/wangchao/Library/Developer/Xcode/DerivedData/chatme-agttppkiyvtewwceeacfhynpowxf/Build/Products/Debug-iphonesimulator/chatme.app (in target 'chatme' from project 'chatme')
    cd /Users/wangchao/xcodeProjects/chatme
    builtin-swiftStdLibTool --copy --verbose --sign - --scan-executable /Users/wangchao/Library/Developer/Xcode/DerivedData/chatme-agttppkiyvtewwceeacfhynpowxf/Build/Products/Debug-iphonesimulator/chatme.app/chatme.debug.dylib --scan-folder /Users/wangchao/Library/Developer/Xcode/DerivedData/chatme-agttppkiyvtewwceeacfhynpowxf/Build/Products/Debug-iphonesimulator/chatme.app/Frameworks --scan-folder /Users/wangchao/Library/Developer/Xcode/DerivedData/chatme-agttppkiyvtewwceeacfhynpowxf/Build/Products/Debug-iphonesimulator/chatme.app/PlugIns --scan-folder /Users/wangchao/Library/Developer/Xcode/DerivedData/chatme-agttppkiyvtewwceeacfhynpowxf/Build/Products/Debug-iphonesimulator/chatme.app/SystemExtensions --scan-folder /Users/wangchao/Library/Developer/Xcode/DerivedData/chatme-agttppkiyvtewwceeacfhynpowxf/Build/Products/Debug-iphonesimulator/chatme.app/Extensions --platform iphonesimulator --toolchain /Applications/Xcode.app/Contents/Developer/Toolchains/XcodeDefault.xctoolchain --destination /Users/wangchao/Library/Developer/Xcode/DerivedData/chatme-agttppkiyvtewwceeacfhynpowxf/Build/Products/Debug-iphonesimulator/chatme.app/Frameworks --strip-bitcode --strip-bitcode-tool /Applications/Xcode.app/Contents/Developer/Toolchains/XcodeDefault.xctoolchain/usr/bin/bitcode_strip --emit-dependency-info /Users/wangchao/Library/Developer/Xcode/DerivedData/chatme-agttppkiyvtewwceeacfhynpowxf/Build/Intermediates.noindex/chatme.build/Debug-iphonesimulator/chatme.build/SwiftStdLibToolInputDependencies.dep --filter-for-swift-os

ExtractAppIntentsMetadata (in target 'chatme' from project 'chatme')
    cd /Users/wangchao/xcodeProjects/chatme
    /Applications/Xcode.app/Contents/Developer/Toolchains/XcodeDefault.xctoolchain/usr/bin/appintentsmetadataprocessor --toolchain-dir /Applications/Xcode.app/Contents/Developer/Toolchains/XcodeDefault.xctoolchain --module-name chatme --sdk-root /Applications/Xcode.app/Contents/Developer/Platforms/iPhoneSimulator.platform/Developer/SDKs/iPhoneSimulator26.2.sdk --xcode-version 17C52 --platform-family iOS --deployment-target 26.2 --bundle-identifier io.cathy.chatme --output /Users/wangchao/Library/Developer/Xcode/DerivedData/chatme-agttppkiyvtewwceeacfhynpowxf/Build/Products/Debug-iphonesimulator/chatme.app --target-triple arm64-apple-ios26.2-simulator --binary-file /Users/wangchao/Library/Developer/Xcode/DerivedData/chatme-agttppkiyvtewwceeacfhynpowxf/Build/Products/Debug-iphonesimulator/chatme.app/chatme --dependency-file /Users/wangchao/Library/Developer/Xcode/DerivedData/chatme-agttppkiyvtewwceeacfhynpowxf/Build/Intermediates.noindex/chatme.build/Debug-iphonesimulator/chatme.build/Objects-normal/arm64/chatme_dependency_info.dat --stringsdata-file /Users/wangchao/Library/Developer/Xcode/DerivedData/chatme-agttppkiyvtewwceeacfhynpowxf/Build/Intermediates.noindex/chatme.build/Debug-iphonesimulator/chatme.build/Objects-normal/arm64/ExtractedAppShortcutsMetadata.stringsdata --source-file-list /Users/wangchao/Library/Developer/Xcode/DerivedData/chatme-agttppkiyvtewwceeacfhynpowxf/Build/Intermediates.noindex/chatme.build/Debug-iphonesimulator/chatme.build/Objects-normal/arm64/chatme.SwiftFileList --metadata-file-list /Users/wangchao/Library/Developer/Xcode/DerivedData/chatme-agttppkiyvtewwceeacfhynpowxf/Build/Intermediates.noindex/chatme.build/Debug-iphonesimulator/chatme.build/chatme.DependencyMetadataFileList --static-metadata-file-list /Users/wangchao/Library/Developer/Xcode/DerivedData/chatme-agttppkiyvtewwceeacfhynpowxf/Build/Intermediates.noindex/chatme.build/Debug-iphonesimulator/chatme.build/chatme.DependencyStaticMetadataFileList --swift-const-vals-list /Users/wangchao/Library/Developer/Xcode/DerivedData/chatme-agttppkiyvtewwceeacfhynpowxf/Build/Intermediates.noindex/chatme.build/Debug-iphonesimulator/chatme.build/Objects-normal/arm64/chatme.SwiftConstValuesFileList --compile-time-extraction --deployment-aware-processing --validate-assistant-intents --no-app-shortcuts-localization
2026-01-14 14:26:33.566 appintentsmetadataprocessor[15486:78219] Starting appintentsmetadataprocessor export
2026-01-14 14:26:33.569 appintentsmetadataprocessor[15486:78219] warning: Metadata extraction skipped. No AppIntents.framework dependency found.

CodeSign /Users/wangchao/Library/Developer/Xcode/DerivedData/chatme-agttppkiyvtewwceeacfhynpowxf/Build/Products/Debug-iphonesimulator/chatme.app/chatme.debug.dylib (in target 'chatme' from project 'chatme')
    cd /Users/wangchao/xcodeProjects/chatme
    
    Signing Identity:     "Sign to Run Locally"
    
    /usr/bin/codesign --force --sign - --timestamp\=none --generate-entitlement-der /Users/wangchao/Library/Developer/Xcode/DerivedData/chatme-agttppkiyvtewwceeacfhynpowxf/Build/Products/Debug-iphonesimulator/chatme.app/chatme.debug.dylib

CodeSign /Users/wangchao/Library/Developer/Xcode/DerivedData/chatme-agttppkiyvtewwceeacfhynpowxf/Build/Products/Debug-iphonesimulator/chatme.app (in target 'chatme' from project 'chatme')
    cd /Users/wangchao/xcodeProjects/chatme
    
    Signing Identity:     "Sign to Run Locally"
    
    /usr/bin/codesign --force --sign - --timestamp\=none --generate-entitlement-der /Users/wangchao/Library/Developer/Xcode/DerivedData/chatme-agttppkiyvtewwceeacfhynpowxf/Build/Products/Debug-iphonesimulator/chatme.app

Validate /Users/wangchao/Library/Developer/Xcode/DerivedData/chatme-agttppkiyvtewwceeacfhynpowxf/Build/Products/Debug-iphonesimulator/chatme.app (in target 'chatme' from project 'chatme')
    cd /Users/wangchao/xcodeProjects/chatme
    builtin-validationUtility /Users/wangchao/Library/Developer/Xcode/DerivedData/chatme-agttppkiyvtewwceeacfhynpowxf/Build/Products/Debug-iphonesimulator/chatme.app -shallow-bundle -infoplist-subpath Info.plist

** BUILD SUCCEEDED **

